./du: nftw: '/': Operation not permitted
